# F-35C protocol capture: app under Wine, fd10=hidraw dongle reads, fd51=writes
# user set DPI stage to 800 during capture

 221x WRITE 04aa00aa0000000000000000000000000000000000000000000000000000000002
 121x READ  04aa00aa0000000000000000000000000000000000000000000000000000000002
 116x WRITE 0420001a0600000000000000000000000000000000000000000000000000000002
  53x READ  0420001a0600000000000000000000000000000000000000000000000000000002
   9x WRITE 040100010000000000000000000000000000000000000000000000000000000002
   9x WRITE 040200020000000000000000000000000000000000000000000000000000000002
   8x WRITE 043d050618180000004006400600ff000100280a280a0000ff0100800c800cff02
   8x WRITE 04b807061830000000ff0100a00fa00fffff00010058025802ff00ff0100580202
   8x WRITE 04210806084800005802ff00ff010066ffff00010058025802ff00ff0100580202
   7x READ  040100010000000000000000000000000000000000000000000000000000000002
   7x READ  030100000000000000000000000000000000000000000000000000000000000000
   6x READ  040200020000000000000000000000000000000000000000000000000000000002
   4x WRITE 04a30206180000000005040100005e01d20000020001010020032003ff00000102
   3x READ  04b807061830000000ff0100a00fa00fffff00010058025802ff00ff0100580202
   3x READ  04210806084800005802ff00ff010066ffff00010058025802ff00ff0100580202
   2x READ  0e0000000500000009000000070000000900000007000000ffff1f0010040200ea
   2x READ  0c0000000600000039000000240000003900000024000000ffff1f004800020037
   2x WRITE 04330406180000000005040100005e01d200000200010100e803e803ff00000102
   2x READ  043d050618180000004006400600ff000100280a280a0000ff0100800c800cff02
   1x READ  0c00000006000000220000000d000000220000000d000000ffff1f004800020037
   1x READ  0c000000060000003a000000250000003a00000025000000ffff1f004800020037
   1x READ  041b00031800000000000000000000000000000000000000000000000000000002
   1x WRITE 041b00031800000000000000000000000000000000000000000000000000000002
   1x READ  042500030a18000000000000000000000000000000000000000000000000000002
   1x WRITE 042500030a18000000000000000000000000000000000000000000000000000002
   1x WRITE 041f00071800000000000000000000000000000000000000000000000000000002
   1x WRITE 043700071818000000000000000000000000000000000000000000000000000002
   1x WRITE 044f00071830000000000000000000000000000000000000000000000000000002
   1x WRITE 046700071848000000000000000000000000000000000000000000000000000002
   1x READ  047f00071860000000000000000000000000000000000000000000000000000002
   1x WRITE 047f00071860000000000000000000000000000000000000000000000000000002
   1x READ  048500070678000000000000000000000000000000000000000000000000000002
   1x WRITE 048500070678000000000000000000000000000000000000000000000000000002
   1x READ  040600050100000000000000000000000000000000000000000000000000000002
   1x WRITE 040600050100000000000000000000000000000000000000000000000000000002
   1x WRITE 041d00051800000000000000000000000000000000000000000000000000000002
   1x WRITE 043500051818000000000000000000000000000000000000000000000000000002
   1x READ  044d00051830000000000000000000000000000000000000000000000000000002
   1x WRITE 044d00051830000000000000000000000000000000000000000000000000000002
   1x READ  045500050848000000000000000000000000000000000000000000000000000002
   1x WRITE 045500050848000000000000000000000000000000000000000000000000000002
   1x READ  0403040618000000000504010000ff000000000202010100e803e803ff00000102
   1x WRITE 0403040618000000000504010000ff000000000202010100e803e803ff00000102
   1x WRITE 04350406180000000005040100005e01d200000202010100e803e803ff00000102
   1x READ  04a30206180000000005040100005e01d20000020001010020032003ff00000102
